// Jest Snapshot v1, https://goo.gl/fbAQLP

exports[`matches snapshot 1`] = `
<DocumentFragment>
  <div
    class="App"
  >
    <div>
      <div>
        <form>
          <label
            for="task"
          >
            Task:
          </label>
          <input
            id="task"
            name="task"
            type="text"
            value=""
          />
          <button>
            Add todo
          </button>
        </form>
      </div>
      <ul />
    </div>
  </div>
</DocumentFragment>
`;
